// Jest Snapshot v1, https://goo.gl/fbAQLP

exports[`createModuleGraph 1`] = `
Map {
  "/workspaces/codespaces-blank/fixtures/foo.ts" => Module {
    "deps": Set {},
    "exports": [],
    "imports": [
      {
        "a": -1,
        "d": -1,
        "e": 29,
        "n": "./bar",
        "s": 24,
        "se": 30,
        "ss": 0,
      },
    ],
    "path": "/workspaces/codespaces-blank/fixtures/foo.ts",
  },
  "/workspaces/codespaces-blank/fixtures/bar.ts" => Module {
    "deps": Set {
      Module {
        "deps": Set {},
        "exports": [],
        "imports": [
          {
            "a": -1,
            "d": -1,
            "e": 29,
            "n": "./bar",
            "s": 24,
            "se": 30,
            "ss": 0,
          },
        ],
        "path": "/workspaces/codespaces-blank/fixtures/foo.ts",
      },
    },
    "exports": [
      {
        "e": 22,
        "le": 22,
        "ln": "getBar",
        "ls": 16,
        "n": "getBar",
        "s": 16,
      },
    ],
    "imports": [],
    "path": "/workspaces/codespaces-blank/fixtures/bar.ts",
  },
}
`;
